// Jest Snapshot v1, https://goo.gl/fbAQLP

exports[`it matches the snapshot 1`] = `
<div
  className="snack-container show"
>
  <div
    className="snack-box success"
  >
    <div
      className="snack-icon"
    >
      <svg
        fill="currentColor"
        height="1em"
        stroke="currentColor"
        strokeWidth="0"
        style={
          Object {
            "color": undefined,
          }
        }
        viewBox="0 0 24 24"
        width="1em"
        xmlns="http://www.w3.org/2000/svg"
      >
        <path
          d="M9 16.17L4.83 12l-1.42 1.41L9 19 21 7l-1.41-1.41z"
        />
      </svg>
    </div>
    <div
      className="snack-message"
    >
      <strong>
        Test Message
      </strong>
    </div>
    <div
      className="snack-close success"
      onClick={[Function]}
      role="button"
    >
      <svg
        fill="currentColor"
        height="1em"
        stroke="currentColor"
        strokeWidth="0"
        style={
          Object {
            "color": undefined,
          }
        }
        viewBox="0 0 24 24"
        width="1em"
        xmlns="http://www.w3.org/2000/svg"
      >
        <path
          d="M19 6.41L17.59 5 12 10.59 6.41 5 5 6.41 10.59 12 5 17.59 6.41 19 12 13.41 17.59 19 19 17.59 13.41 12z"
        />
      </svg>
    </div>
  </div>
</div>
`;
