// Jest Snapshot v1, https://goo.gl/fbAQLP

exports[`it matches the snapshot 1`] = `
Array [
  <div
    className="snack-container hide"
  >
    <div
      className="snack-box "
    >
      <div
        className="snack-icon"
      />
      <div
        className="snack-message"
      >
        <strong>
          
        </strong>
      </div>
      <div
        className="snack-close "
        onClick={[Function]}
        role="button"
      >
        <svg
          fill="currentColor"
          height="1em"
          stroke="currentColor"
          strokeWidth="0"
          style={
            Object {
              "color": undefined,
            }
          }
          viewBox="0 0 24 24"
          width="1em"
          xmlns="http://www.w3.org/2000/svg"
        >
          <path
            d="M19 6.41L17.59 5 12 10.59 6.41 5 5 6.41 10.59 12 5 17.59 6.41 19 12 13.41 17.59 19 19 17.59 13.41 12z"
          />
        </svg>
      </div>
    </div>
  </div>,
  <div
    id="page-create-user"
  >
    <form
      onSubmit={[Function]}
    >
      <h1>
        Cadastro de usuário
      </h1>
      <div
        className="avatar"
        onClick={[Function]}
      >
        <img
          alt="avatar"
          src="portrait.png"
        />
        <strong>
          Adicione uma Foto
        </strong>
        <input
          accept="image/*"
          hidden={true}
          onChange={[Function]}
          type="file"
        />
      </div>
      <div
        className="field-group"
      >
        <div
          className="field"
        >
          <input
            id="name"
            name="name"
            onChange={[Function]}
            placeholder="Nome"
            type="text"
          />
        </div>
        <div
          className="field"
        >
          <input
            id="username"
            name="username"
            onChange={[Function]}
            placeholder="Nome de Usuário"
            type="text"
          />
        </div>
      </div>
      <div
        className="field-group"
      >
        <div
          className="field"
        >
          <input
            id="email"
            name="email"
            onChange={[Function]}
            placeholder="E-Mail"
            type="text"
          />
        </div>
        <div
          className="field"
        >
          <input
            id="phone"
            name="phone"
            onChange={[Function]}
            placeholder="Telefone"
            type="text"
          />
        </div>
      </div>
      <button
        type="submit"
      >
        Cadastrar usuário
      </button>
    </form>
  </div>,
]
`;
