// Jest Snapshot v1, https://goo.gl/fbAQLP

exports[`it matches the snapshot 1`] = `
<li>
  <img
    alt="Test Username"
    src="teste-avatar.png"
  />
  <span>
    Test Name
  </span>
  <span>
    Test Username
  </span>
  <span>
    teste@email.com
  </span>
  <span>
    123456
  </span>
  <button
    onClick={[Function]}
    type="button"
  >
    <svg
      fill="none"
      height={20}
      size={20}
      stroke="currentColor"
      strokeLinecap="round"
      strokeLinejoin="round"
      strokeWidth="2"
      style={
        Object {
          "color": undefined,
        }
      }
      viewBox="0 0 24 24"
      width={20}
      xmlns="http://www.w3.org/2000/svg"
    >
      <polyline
        points="3 6 5 6 21 6"
      />
      <path
        d="M19 6v14a2 2 0 0 1-2 2H7a2 2 0 0 1-2-2V6m3 0V4a2 2 0 0 1 2-2h4a2 2 0 0 1 2 2v2"
      />
      <line
        x1="10"
        x2="10"
        y1="11"
        y2="17"
      />
      <line
        x1="14"
        x2="14"
        y1="11"
        y2="17"
      />
    </svg>
  </button>
</li>
`;
